--- D├⌐marrage des tests fonctionnels Admin (via Tinker) ---

1. V├⌐rification de l'utilisateur Admin...
Γ£à Admin user existant trouv├⌐ (ID: 1).
Γ£à Permissions Filament : OK (L'utilisateur peut acc├⌐der au panel).

2. Test de cr├⌐ation de Cat├⌐gorie...

   Illuminate\Database\QueryException  SQLSTATE[42S22]: Column not found: 1054 Unknown column 'is_active' in 'field list' (Connection: mysql, Host: 127.0.0.1, Port: 3306, Database: acadecol_site, SQL: insert into `categories` (`nom`, `description`, `slug`, `is_active`, `updated_at`, `created_at`) values ({"fr":"Cat\u00e9gorie Test","en":"Test Category"}, {"fr":"Desc FR","en":"Desc EN"}, test-category-1769228256, 1, 2026-01-24 04:17:36, 2026-01-24 04:17:36)).

